// Jest Snapshot v1, https://goo.gl/fbAQLP

exports[`DateSlider _generateDates should match snapshot when given 1999-02-28 for 4 weeks when the selectedDate is 1999-03-12 and the isoStartDay is 3 1`] = `"[{\\"key\\":\\"1999-02-24T00:00:00.000Z\\",\\"date\\":\\"1999-02-24T00:00:00.000Z\\",\\"arrSelected\\":[false,false,false,false,false,false,false]},{\\"key\\":\\"1999-03-03T00:00:00.000Z\\",\\"date\\":\\"1999-03-03T00:00:00.000Z\\",\\"arrSelected\\":[false,false,false,false,false,false,false]},{\\"key\\":\\"1999-03-10T00:00:00.000Z\\",\\"date\\":\\"1999-03-10T00:00:00.000Z\\",\\"arrSelected\\":[false,false,true,false,false,false,false]},{\\"key\\":\\"1999-03-17T00:00:00.000Z\\",\\"date\\":\\"1999-03-17T00:00:00.000Z\\",\\"arrSelected\\":[false,false,false,false,false,false,false]}]"`;

exports[`DateSlider _generateDates should match snapshot when given 2010-11-06 for 8 weeks when the selectedDate is 2010-10-01 and the isoStartDay is 6 1`] = `"[{\\"key\\":\\"2010-11-06T00:00:00.000Z\\",\\"date\\":\\"2010-11-06T00:00:00.000Z\\",\\"arrSelected\\":[false,false,false,false,false,false,false]},{\\"key\\":\\"2010-11-13T00:00:00.000Z\\",\\"date\\":\\"2010-11-13T00:00:00.000Z\\",\\"arrSelected\\":[false,false,false,false,false,false,false]},{\\"key\\":\\"2010-11-20T00:00:00.000Z\\",\\"date\\":\\"2010-11-20T00:00:00.000Z\\",\\"arrSelected\\":[false,false,false,false,false,false,false]},{\\"key\\":\\"2010-11-27T00:00:00.000Z\\",\\"date\\":\\"2010-11-27T00:00:00.000Z\\",\\"arrSelected\\":[false,false,false,false,false,false,false]},{\\"key\\":\\"2010-12-04T00:00:00.000Z\\",\\"date\\":\\"2010-12-04T00:00:00.000Z\\",\\"arrSelected\\":[false,false,false,false,false,false,false]},{\\"key\\":\\"2010-12-11T00:00:00.000Z\\",\\"date\\":\\"2010-12-11T00:00:00.000Z\\",\\"arrSelected\\":[false,false,false,false,false,false,false]},{\\"key\\":\\"2010-12-18T00:00:00.000Z\\",\\"date\\":\\"2010-12-18T00:00:00.000Z\\",\\"arrSelected\\":[false,false,false,false,false,false,false]},{\\"key\\":\\"2010-12-25T00:00:00.000Z\\",\\"date\\":\\"2010-12-25T00:00:00.000Z\\",\\"arrSelected\\":[false,false,false,false,false,false,false]}]"`;

exports[`DateSlider _generateDates should match snapshot when given 2017-05-10 for 4 weeks when the selectedDate is 2017-05-10 and the isoStartDay is 1 1`] = `"[{\\"key\\":\\"2017-05-07T23:00:00.000Z\\",\\"date\\":\\"2017-05-07T23:00:00.000Z\\",\\"arrSelected\\":[false,false,true,false,false,false,false]},{\\"key\\":\\"2017-05-14T23:00:00.000Z\\",\\"date\\":\\"2017-05-14T23:00:00.000Z\\",\\"arrSelected\\":[false,false,false,false,false,false,false]},{\\"key\\":\\"2017-05-21T23:00:00.000Z\\",\\"date\\":\\"2017-05-21T23:00:00.000Z\\",\\"arrSelected\\":[false,false,false,false,false,false,false]},{\\"key\\":\\"2017-05-28T23:00:00.000Z\\",\\"date\\":\\"2017-05-28T23:00:00.000Z\\",\\"arrSelected\\":[false,false,false,false,false,false,false]}]"`;

exports[`DateSlider _generateDates should match snapshot when given 2017-05-10 for 4 weeks when the selectedDate is 2017-05-21 and the isoStartDay is 1 1`] = `"[{\\"key\\":\\"2017-05-07T23:00:00.000Z\\",\\"date\\":\\"2017-05-07T23:00:00.000Z\\",\\"arrSelected\\":[false,false,false,false,false,false,false]},{\\"key\\":\\"2017-05-14T23:00:00.000Z\\",\\"date\\":\\"2017-05-14T23:00:00.000Z\\",\\"arrSelected\\":[false,false,false,false,false,false,true]},{\\"key\\":\\"2017-05-21T23:00:00.000Z\\",\\"date\\":\\"2017-05-21T23:00:00.000Z\\",\\"arrSelected\\":[false,false,false,false,false,false,false]},{\\"key\\":\\"2017-05-28T23:00:00.000Z\\",\\"date\\":\\"2017-05-28T23:00:00.000Z\\",\\"arrSelected\\":[false,false,false,false,false,false,false]}]"`;

exports[`DateSlider _generateDates should match snapshot when given 2018-04-13 for 3 weeks when the selectedDate is 2018-04-14 and the isoStartDay is 5 1`] = `"[{\\"key\\":\\"2018-04-12T23:00:00.000Z\\",\\"date\\":\\"2018-04-12T23:00:00.000Z\\",\\"arrSelected\\":[false,true,false,false,false,false,false]},{\\"key\\":\\"2018-04-19T23:00:00.000Z\\",\\"date\\":\\"2018-04-19T23:00:00.000Z\\",\\"arrSelected\\":[false,false,false,false,false,false,false]},{\\"key\\":\\"2018-04-26T23:00:00.000Z\\",\\"date\\":\\"2018-04-26T23:00:00.000Z\\",\\"arrSelected\\":[false,false,false,false,false,false,false]}]"`;

exports[`DateSlider _generateDates should match snapshot when given 2025-03-01 for 3 weeks when the selectedDate is 2010-10-01 and the isoStartDay is 2 1`] = `"[{\\"key\\":\\"2025-02-25T00:00:00.000Z\\",\\"date\\":\\"2025-02-25T00:00:00.000Z\\",\\"arrSelected\\":[false,false,false,false,false,false,false]},{\\"key\\":\\"2025-03-04T00:00:00.000Z\\",\\"date\\":\\"2025-03-04T00:00:00.000Z\\",\\"arrSelected\\":[false,false,false,false,false,false,false]},{\\"key\\":\\"2025-03-11T00:00:00.000Z\\",\\"date\\":\\"2025-03-11T00:00:00.000Z\\",\\"arrSelected\\":[false,false,false,false,false,false,false]}]"`;

exports[`DateSlider _generateDates should match snapshot when given 2025-03-01 for 4 weeks when the selectedDate is 2025-03-12 and the isoStartDay is 5 1`] = `"[{\\"key\\":\\"2025-02-28T00:00:00.000Z\\",\\"date\\":\\"2025-02-28T00:00:00.000Z\\",\\"arrSelected\\":[false,false,false,false,false,false,false]},{\\"key\\":\\"2025-03-07T00:00:00.000Z\\",\\"date\\":\\"2025-03-07T00:00:00.000Z\\",\\"arrSelected\\":[false,false,false,false,false,true,false]},{\\"key\\":\\"2025-03-14T00:00:00.000Z\\",\\"date\\":\\"2025-03-14T00:00:00.000Z\\",\\"arrSelected\\":[false,false,false,false,false,false,false]},{\\"key\\":\\"2025-03-21T00:00:00.000Z\\",\\"date\\":\\"2025-03-21T00:00:00.000Z\\",\\"arrSelected\\":[false,false,false,false,false,false,false]}]"`;
